Command: C:\PROJECT_ESP32\Espressif\python_env\idf5.5_py3.11_env\Scripts\python.exe C:\PROJECT_ESP32\Espressif\frameworks\esp-idf-v5.5\tools/idf_monitor.py -p com6 -b 115200 --toolchain-prefix xtensa-esp32-elf- --target esp32 --revision 0 C:\PROJECT_ESP32\Espressif\frameworks\esp-idf-v5.5\examples\get-started\landslide_warning\transmitter\build\landslide_transmitter.elf C:\PROJECT_ESP32\Espressif\frameworks\esp-idf-v5.5\examples\get-started\landslide_warning\transmitter\build\bootloader\bootloader.elf --force-color -m 'C:\PROJECT_ESP32\Espressif\python_env\idf5.5_py3.11_env\Scripts\python.exe' 'C:\PROJECT_ESP32\Espressif\frameworks\esp-idf-v5.5\tools\idf.py' '-p' 'com6'
[0;32mI (13) boot: ESP-IDF v5.5-dirty 2nd stage bootloader[0m
[0;32mI (13) boot: compile time Oct 26 2025 11:40:05[0m
[0;32mI (13) boot: Multicore bootloader[0m
[0;32mI (14) boot: chip revision: v3.1[0m
[0;32mI (17) boot.esp32: SPI Speed      : 40MHz[0m
[0;32mI (20) boot.esp32: SPI Mode       : DIO[0m
[0;32mI (24) boot.esp32: SPI Flash Size : 2MB[0m
[0;32mI (28) boot: Enabling RNG early entropy source...[0m
[0;32mI (32) boot: Partition Table:[0m
[0;32mI (35) boot: ## Label            Usage          Type ST Offset   Length[0m
[0;32mI (41) boot:  0 nvs              WiFi data        01 02 00009000 00006000[0m
[0;32mI (48) boot:  1 phy_init         RF data          01 01 0000f000 00001000[0m
[0;32mI (54) boot:  2 factory          factory app      00 00 00010000 00100000[0m
[0;32mI (61) boot: End of partition table[0m
[0;32mI (64) esp_image: segment 0: paddr=00010020 vaddr=3f400020 size=0c2f4h ( 49908) map[0m
[0;32mI (88) esp_image: segment 1: paddr=0001c31c vaddr=3ff80000 size=00020h (    32) load[0m
[0;32mI (89) esp_image: segment 2: paddr=0001c344 vaddr=3ffb0000 size=02418h (  9240) load[0m
[0;32mI (96) esp_image: segment 3: paddr=0001e764 vaddr=40080000 size=018b4h (  6324) load[0m
[0;32mI (102) esp_image: segment 4: paddr=00020020 vaddr=400d0020 size=1db14h (121620) map[0m
[0;32mI (149) esp_image: segment 5: paddr=0003db3c vaddr=400818b4 size=0cf9ch ( 53148) load[0m
[0;32mI (177) boot: Loaded app from partition at offset 0x10000[0m
[0;32mI (177) boot: Disabling RNG early entropy source...[0m
[0;32mI (187) cpu_start: Multicore app[0m
[0;32mI (196) cpu_start: Pro cpu start user code[0m
[0;32mI (196) cpu_start: cpu freq: 160000000 Hz[0m
[0;32mI (196) app_init: Application information:[0m
[0;32mI (196) app_init: Project name:     landslide_transmitter[0m
[0;32mI (201) app_init: App version:      v5.5-dirty[0m
[0;32mI (205) app_init: Compile time:     Oct 26 2025 11:39:48[0m
[0;32mI (210) app_init: ELF file SHA256:  27070a34a...[0m
[0;32mI (214) app_init: ESP-IDF:          v5.5-dirty[0m
[0;32mI (219) efuse_init: Min chip rev:     v0.0[0m
[0;32mI (222) efuse_init: Max chip rev:     v3.99 [0m
[0;32mI (226) efuse_init: Chip rev:         v3.1[0m
[0;32mI (230) heap_init: Initializing. RAM available for dynamic allocation:[0m
[0;32mI (237) heap_init: At 3FFAE6E0 len 00001920 (6 KiB): DRAM[0m
[0;32mI (242) heap_init: At 3FFB2D58 len 0002D2A8 (180 KiB): DRAM[0m
[0;32mI (247) heap_init: At 3FFE0440 len 00003AE0 (14 KiB): D/IRAM[0m
[0;32mI (252) heap_init: At 3FFE4350 len 0001BCB0 (111 KiB): D/IRAM[0m
[0;32mI (258) heap_init: At 4008E850 len 000117B0 (69 KiB): IRAM[0m
[0;33mW (264) spi_flash: boya detected but related driver is not linked, please check option `SPI_FLASH_SUPPORT_BOYA_CHIP`[0m
[0;32mI (273) spi_flash: detected chip: generic[0m
[0;32mI (277) spi_flash: flash io: dio[0m
[0;33mW (280) spi_flash: Detected size(4096k) larger than the size in the binary image header(2048k). Using the size in the binary image header.[0m
[0;33mW (292) i2c: This driver is an old driver, please migrate your application code to adapt `driver/i2c_master.h`[0m
[0;32mI (302) main_task: Started on CPU0[0m
[0;32mI (312) main_task: Calling app_main()[0m
[0;32mI (432) main_task: Returned from app_main()[0m
[0;32mI (822) LORA_SENDER: SENT: Rain:0.0% Soil:0.1%(EMA:0.1) Tilt:78.3 deg(EMA:78.3) Level:0-AN TOÃ€N[0m
[0;32mI (6212) LORA_SENDER: SENT: Rain:0.0% Soil:0.1%(EMA:0.1) Tilt:78.7 deg(EMA:78.4) Level:0-AN TOÃ€N[0m
[0;32mI (11602) LORA_SENDER: SENT: Rain:0.0% Soil:0.1%(EMA:0.1) Tilt:78.5 deg(EMA:78.4) Level:0-AN TOÃ€N[0m
ï¿½ï¿½ï¿½ï¿½ï¿½ï¿½ï¿½ï¿½ï¿½ï¿½ï¿½ï¿½ï¿½ï¿½ï¿½ï¿½ï¿½ï¿½ï¿½ï¿½ï¿½ï¿½ï¿½ï¿½ï¿½ï¿½ï¿½ï¿½ï¿½ï¿½ï¿½ï¿½ï¿½ï¿½ï¿½ï¿½ï¿½ï¿½ï¿½ï¿½ï¿½ï¿½ï¿½ï¿½ï¿½ï¿½ï¿½ï¿½ï¿½ï¿½ï¿½ï¿½ï¿½ï¿½ï¿½ï¿½ï¿½ï¿½ï¿½ï¿½ï¿½ï¿½ï¿½ï¿½16992) LORA_SENDER: SENT: Rain:0.0% Soil:0.1%(EMA:0.1) Tilt:78.8 deg(EMA:78.5) Level:0-AN TOÃ€N
[0;32mI (22382) LORA_SENDER: SENT: Rain:0.0% Soil:0.1%(EMA:0.1) Tilt:78.5 deg(EMA:78.5) Level:0-AN TOÃ€N[0m
[0;32mI (27772) LORA_SENDER: SENT: Rain:0.0% Soil:0.1%(EMA:0.1) Tilt:78.4 deg(EMA:78.5) Level:0-AN TOÃ€N[0m
