Command: C:\PROJECT_ESP32\Espressif\python_env\idf5.5_py3.11_env\Scripts\python.exe C:\PROJECT_ESP32\Espressif\frameworks\esp-idf-v5.5\tools/idf_monitor.py -p com9 -b 115200 --toolchain-prefix xtensa-esp32-elf- --target esp32 --revision 0 C:\PROJECT_ESP32\Espressif\frameworks\esp-idf-v5.5\examples\get-started\landslide_warning\receiver\build\landslide_receiver.elf C:\PROJECT_ESP32\Espressif\frameworks\esp-idf-v5.5\examples\get-started\landslide_warning\receiver\build\bootloader\bootloader.elf --force-color -m 'C:\PROJECT_ESP32\Espressif\python_env\idf5.5_py3.11_env\Scripts\python.exe' 'C:\PROJECT_ESP32\Espressif\frameworks\esp-idf-v5.5\tools\idf.py' '-p' 'com9'
&'ÔøΩA%ÔøΩSpeed      : 40MÔøΩets Jul 29 2019 12:21:46

rst:0x1 (POWERON_RESET),boot:0x17 (SPI_FAST_FLASH_BOOT)
configsip: 0, SPIWP:0xee
clk_drv:0x00,q_drv:0x00,d_drv:0x00,cs0_drv:0x00,hd_drv:0x00,wp_drv:0x00
mode:DIO, clock div:2
load:0x3fff0030,len:6380
ho 0 tail 12 room 4
load:0x40078000,len:15916
load:0x40080400,len:3860
entry 0x40080638
[0;32mI (29) boot: ESP-IDF v5.5-dirty 2nd stage bootloader[0m
[0;32mI (29) boot: compile time Oct 26 2025 00:22:00[0m
[0;32mI (29) boot: Multicore bootloader[0m
[0;32mI (31) boot: chip revision: v3.0[0m
[0;32mI (34) boot.esp32: SPI Speed      : 40MHz[0m
[0;32mI (37) boot.esp32: SPI Mode       : DIO[0m
[0;32mI (41) boot.esp32: SPI Flash Size : 2MB[0m
[0;32mI (45) boot: Enabling RNG early entropy source...[0m
[0;32mI (49) boot: Partition Table:[0m
[0;32mI (52) boot: ## Label            Usage          Type ST Offset   Length[0m
[0;32mI (58) boot:  0 nvs              WiFi data        01 02 00009000 00006000[0m
[0;32mI (65) boot:  1 phy_init         RF data          01 01 0000f000 00001000[0m
[0;32mI (71) boot:  2 factory          factory app      00 00 00010000 00100000[0m
[0;32mI (78) boot: End of partition table[0m
[0;32mI (81) esp_image: segment 0: paddr=00010020 vaddr=3f400020 size=315d8h (202200) map[0m
[0;32mI (157) esp_image: segment 1: paddr=00041600 vaddr=3ff80000 size=00020h (    32) load[0m
[0;32mI (158) esp_image: segment 2: paddr=00041628 vaddr=3ffb0000 size=03f68h ( 16232) load[0m
[0;32mI (167) esp_image: segment 3: paddr=00045598 vaddr=40080000 size=0aa80h ( 43648) load[0m
[0;32mI (186) esp_image: segment 4: paddr=00050020 vaddr=400d0020 size=a7028h (684072) map[0m
[0;32mI (420) esp_image: segment 5: paddr=000f7050 vaddr=4008aa80 size=0e9f0h ( 59888) load[0m
[0;32mI (456) boot: Loaded app from partition at offset 0x10000[0m
[0;32mI (456) boot: Disabling RNG early entropy source...[0m
[0;32mI (466) cpu_start: Multicore app[0m
[0;32mI (475) cpu_start: Pro cpu start user code[0m
[0;32mI (475) cpu_start: cpu freq: 160000000 Hz[0m
[0;32mI (475) app_init: Application information:[0m
[0;32mI (475) app_init: Project name:     landslide_receiver[0m
[0;32mI (480) app_init: App version:      v5.5-dirty[0m
[0;32mI (484) app_init: Compile time:     Oct 26 2025 00:21:42[0m
[0;32mI (489) app_init: ELF file SHA256:  03ab0e562...[0m
[0;32mI (493) app_init: ESP-IDF:          v5.5-dirty[0m
[0;32mI (497) efuse_init: Min chip rev:     v0.0[0m
[0;32mI (501) efuse_init: Max chip rev:     v3.99 [0m
[0;32mI (505) efuse_init: Chip rev:         v3.0[0m
[0;32mI (509) heap_init: Initializing. RAM available for dynamic allocation:[0m
[0;32mI (515) heap_init: At 3FFAE6E0 len 00001920 (6 KiB): DRAM[0m
[0;32mI (520) heap_init: At 3FFB8828 len 000277D8 (157 KiB): DRAM[0m
[0;32mI (526) heap_init: At 3FFE0440 len 00003AE0 (14 KiB): D/IRAM[0m
[0;32mI (531) heap_init: At 3FFE4350 len 0001BCB0 (111 KiB): D/IRAM[0m
[0;32mI (536) heap_init: At 40099470 len 00006B90 (26 KiB): IRAM[0m
[0;32mI (543) spi_flash: detected chip: generic[0m
[0;32mI (545) spi_flash: flash io: dio[0m
[0;33mW (548) spi_flash: Detected size(4096k) larger than the size in the binary image header(2048k). Using the size in the binary image header.[0m
[0;33mW (561) i2c: This driver is an old driver, please migrate your application code to adapt `driver/i2c_master.h`[0m
[0;32mI (571) main_task: Started on CPU0[0m
[0;32mI (581) main_task: Calling app_main()[0m
[0;32mI (621) wifi:wifi driver task: 3ffc085c, prio:23, stack:6656, core=0[0m
[0;32mI (641) wifi:wifi firmware version: f3dbad7[0m
[0;32mI (641) wifi:wifi certification version: v7.0[0m
[0;32mI (641) wifi:config NVS flash: enabled[0m
[0;32mI (641) wifi:config nano formatting: disabled[0m
[0;32mI (641) wifi:Init data frame dynamic rx buffer num: 32[0m
[0;32mI (651) wifi:Init static rx mgmt buffer num: 5[0m
[0;32mI (651) wifi:Init management short buffer num: 32[0m
[0;32mI (651) wifi:Init dynamic tx buffer num: 32[0m
[0;32mI (661) wifi:Init static rx buffer size: 1600[0m
[0;32mI (661) wifi:Init static rx buffer num: 10[0m
[0;32mI (671) wifi:Init dynamic rx buffer num: 32[0m
[0;32mI (671) wifi_init: rx ba win: 6[0m
[0;32mI (671) wifi_init: accept mbox: 6[0m
[0;32mI (681) wifi_init: tcpip mbox: 32[0m
[0;32mI (681) wifi_init: udp mbox: 6[0m
[0;32mI (681) wifi_init: tcp mbox: 6[0m
[0;32mI (681) wifi_init: tcp tx win: 5760[0m
[0;32mI (691) wifi_init: tcp rx win: 5760[0m
[0;32mI (691) wifi_init: tcp mss: 1440[0m
[0;32mI (691) wifi_init: WiFi IRAM OP enabled[0m
[0;32mI (701) wifi_init: WiFi RX IRAM OP enabled[0m
[0;33mW (701) wifi:Password length matches WPA2 standards, authmode threshold changes from OPEN to WPA2[0m
[0;32mI (711) phy_init: phy_version 4860,6b7a6e5,Feb  6 2025,14:47:07[0m
[0;32mI (791) wifi:mode : sta (c4:de:e2:ca:bd:a0)[0m
[0;32mI (791) wifi:enable tsf[0m
[0;32mI (811) wifi:new:<6,2>, old:<1,0>, ap:<255,255>, sta:<6,2>, prof:1, snd_ch_cfg:0x0[0m
[0;32mI (811) wifi:state: init -> auth (0xb0)[0m
[0;32mI (821) LANDSLIDE_RECEIVER: Alarm GPIO initialized - Relay: 2, Button: 0[0m
[0;32mI (821) LANDSLIDE_RECEIVER: üîß TESTING RELAY HARDWARE...[0m
[0;32mI (821) wifi:state: auth -> assoc (0x0)[0m
[0;32mI (831) LANDSLIDE_RECEIVER: üîä Relay ON - C√≤i should be ringing now![0m
[0;32mI (831) wifi:state: assoc -> run (0x10)[0m
[0;32mI (1211) wifi:connected with nh√† ƒë·∫ßm tr·∫•u, aid = 4, channel 6, 40D, bssid = 50:bd:5f:72:ff:36[0m
[0;32mI (1211) wifi:security: WPA2-PSK, phy: bgn, rssi: -59[0m
[0;32mI (1221) wifi:pm start, type: 1[0m

[0;32mI (1221) wifi:dp: 1, bi: 102400, li: 3, scale listen interval from 307200 us to 307200 us[0m
[0;32mI (1231) wifi:AP's beacon interval = 102400 us, DTIM period = 1[0m
[0;32mI (1241) wifi:<ba-add>idx:0 (ifx:0, 50:bd:5f:72:ff:36), tid:0, ssn:2, winSize:64[0m
[0;32mI (2261) esp_netif_handlers: sta ip: 192.168.71.100, mask: 255.255.255.0, gw: 192.168.71.1[0m
[0;32mI (3841) LANDSLIDE_RECEIVER: üîá Relay OFF - C√≤i should be silent now![0m
[1;31mE (4841) i2c: i2c_master_cmd_begin(1552): i2c driver not installed[0m
[0;32mI (5191) main_task: Returned from app_main()[0m
[0;32mI (5531) wifi:<ba-add>idx:1 (ifx:0, 50:bd:5f:72:ff:36), tid:2, ssn:0, winSize:64[0m
[0;32mI (5941) esp-x509-crt-bundle: Certificate validated[0m
ets Jul 29 2019 12:21:46

rst:0x1 (POWERON_RESET),boot:0x17 (SPI_FAST_FLASH_BOOT)
configsip: 0, SPIWP:0xee
clk_drv:0x00,q_drv:0x00,d_drv:0x00,cs0_drv:0x00,hd_drv:0x00,wp_drv:0x00
mode:DIO, clock div:2
load:0x3fff0030,len:6380
ho 0 tail 12 room 4
load:0x40078000,len:15916
load:0x40080400,len:3860
entry 0x40080638
[0;32mI (29) boot: ESP-IDF v5.5-dirty 2nd stage bootloader[0m
[0;32mI (29) boot: compile time Oct 26 2025 00:22:00[0m
[0;32mI (29) boot: Multicore bootloader[0m
[0;32mI (31) boot: chip revision: v3.0[0m
[0;32mI (34) boot.esp32: SPI Speed      : 40MHz[0m
[0;32mI (37) boot.esp32: SPI Mode       : DIO[0m
[0;32mI (41) boot.esp32: SPI Flash Size : 2MB[0m
[0;32mI (45) boot: Enabling RNG early entropy source...[0m
[0;32mI (49) boot: Partition Table:[0m
[0;32mI (52) boot: ## Label            Usage          Type ST Offset   Length[0m
[0;32mI (58) boot:  0 nvs              WiFi data        01 02 00009000 00006000[0m
[0;32mI (65) boot:  1 phy_init         RF data          01 01 0000f000 00001000[0m
[0;32mI (71) boot:  2 factory          factory app      00 00 00010000 00100000[0m
[0;32mI (78) boot: End of partition table[0m
[0;32mI (81) esp_image: segment 0: paddr=00010020 vaddr=3f400020 size=315d8h (202200) map[0m
[0;32mI (157) esp_image: segment 1: paddr=00041600 vaddr=3ff80000 size=00020h (    32) load[0m
[0;32mI (158) esp_image: segment 2: paddr=00041628 vaddr=3ffb0000 size=03f68h ( 16232) load[0m
[0;32mI (167) esp_image: segment 3: paddr=00045598 vaddr=40080000 size=0aa80h ( 43648) load[0m
[0;32mI (186) esp_image: segment 4: paddr=00050020 vaddr=400d0020 size=a7028h (684072) map[0m
[0;32mI (420) esp_image: segment 5: paddr=000f7050 vaddr=4008aa80 size=0e9f0h ( 59888) load[0m
[0;32mI (456) boot: Loaded app from partition at offset 0x10000[0m
[0;32mI (456) boot: Disabling RNG early entropy source...[0m
[0;32mI (466) cpu_start: Multicore app[0m
[0;32mI (475) cpu_start: Pro cpu start user code[0m
[0;32mI (475) cpu_start: cpu freq: 160000000 Hz[0m
[0;32mI (475) app_init: Application information:[0m
[0;32mI (475) app_init: Project name:     landslide_receiver[0m
[0;32mI (480) app_init: App version:      v5.5-dirty[0m
[0;32mI (484) app_init: Compile time:     Oct 26 2025 00:21:42[0m
[0;32mI (489) app_init: ELF file SHA256:  03ab0e562...[0m
[0;32mI (493) app_init: ESP-IDF:          v5.5-dirty[0m
[0;32mI (497) efuse_init: Min chip rev:     v0.0[0m
[0;32mI (501) efuse_init: Max chip rev:     v3.99 [0m
[0;32mI (505) efuse_init: Chip rev:         v3.0[0m
[0;32mI (509) heap_init: Initializing. RAM available for dynamic allocation:[0m
[0;32mI (515) heap_init: At 3FFAE6E0 len 00001920 (6 KiB): DRAM[0m
[0;32mI (520) heap_init: At 3FFB8828 len 000277D8 (157 KiB): DRAM[0m
[0;32mI (526) heap_init: At 3FFE0440 len 00003AE0 (14 KiB): D/IRAM[0m
[0;32mI (531) heap_init: At 3FFE4350 len 0001BCB0 (111 KiB): D/IRAM[0m
[0;32mI (536) heap_init: At 40099470 len 00006B90 (26 KiB): IRAM[0m
[0;32mI (543) spi_flash: detected chip: generic[0m
[0;32mI (545) spi_flash: flash io: dio[0m
[0;33mW (548) spi_flash: Detected size(4096k) larger than the size in the binary image header(2048k). Using the size in the binary image header.[0m
[0;33mW (561) i2c: This driver is an old driver, please migrate your application code to adapt `driver/i2c_master.h`[0m
[0;32mI (571) main_task: Started on CPU0[0m
[0;32mI (581) main_task: Calling app_main()[0m
[0;32mI (621) wifi:wifi driver task: 3ffc085c, prio:23, stack:6656, core=0[0m
[0;32mI (641) wifi:wifi firmware version: f3dbad7[0m
[0;32mI (641) wifi:wifi certification version: v7.0[0m
[0;32mI (641) wifi:config NVS flash: enabled[0m
[0;32mI (641) wifi:config nano formatting: disabled[0m
[0;32mI (641) wifi:Init data frame dynamic rx buffer num: 32[0m
[0;32mI (651) wifi:Init static rx mgmt buffer num: 5[0m
[0;32mI (651) wifi:Init management short buffer num: 32[0m
[0;32mI (651) wifi:Init dynamic tx buffer num: 32[0m
[0;32mI (661) wifi:Init static rx buffer size: 1600[0m
[0;32mI (661) wifi:Init static rx buffer num: 10[0m
[0;32mI (671) wifi:Init dynamic rx buffer num: 32[0m
[0;32mI (671) wifi_init: rx ba win: 6[0m
[0;32mI (671) wifi_init: accept mbox: 6[0m
[0;32mI (681) wifi_init: tcpip mbox: 32[0m
[0;32mI (681) wifi_init: udp mbox: 6[0m
[0;32mI (681) wifi_init: tcp mbox: 6[0m
[0;32mI (681) wifi_init: tcp tx win: 5760[0m
[0;32mI (691) wifi_init: tcp rx win: 5760[0m
[0;32mI (691) wifi_init: tcp mss: 1440[0m
[0;32mI (691) wifi_init: WiFi IRAM OP enabled[0m
[0;32mI (701) wifi_init: WiFi RX IRAM OP enabled[0m
[0;33mW (701) wifi:Password length matches WPA2 standards, authmode threshold changes from OPEN to WPA2[0m
[0;32mI (711) phy_init: phy_version 4860,6b7a6e5,Feb  6 2025,14:47:07[0m
[0;32mI (791) wifi:mode : sta (c4:de:e2:ca:bd:a0)[0m
[0;32mI (791) wifi:enable tsf[0m
[0;32mI (811) wifi:new:<6,2>, old:<1,0>, ap:<255,255>, sta:<6,2>, prof:1, snd_ch_cfg:0x0[0m
[0;32mI (811) wifi:state: init -> auth (0xb0)[0m
[0;32mI (821) LANDSLIDE_RECEIVER: Alarm GPIO initialized - Relay: 2, Button: 0[0m
[0;32mI (821) LANDSLIDE_RECEIVER: üîß TESTING RELAY HARDWARE...[0m
[0;32mI (821) LANDSLIDE_RECEIVER: üîä Relay ON - C√≤i should be ringing now![0m
[0;32mI (821) wifi:state: auth -> assoc (0x0)[0m
[0;32mI (841) wifi:state: assoc -> run (0x10)[0m
[0;32mI (1211) wifi:connected with nh√† ƒë·∫ßm tr·∫•u, aid = 4, channel 6, 40D, bssid = 50:bd:5f:72:ff:36[0m
[0;32mI (1221) wifi:security: WPA2-PSK, phy: bgn, rssi: -58[0m
[0;32mI (1221) wifi:pm start, type: 1[0m

[0;32mI (1221) wifi:dp: 1, bi: 102400, li: 3, scale listen interval from 307200 us to 307200 us[0m
[0;32mI (1231) wifi:AP's beacon interval = 102400 us, DTIM period = 1[0m
[0;32mI (1241) wifi:<ba-add>idx:0 (ifx:0, 50:bd:5f:72:ff:36), tid:0, ssn:2, winSize:64[0m
[0;32mI (2251) esp_netif_handlers: sta ip: 192.168.71.100, mask: 255.255.255.0, gw: 192.168.71.1[0m
[0;32mI (3831) LANDSLIDE_RECEIVER: üîá Relay OFF - C√≤i should be silent now![0m
[1;31mE (4831) i2c: i2c_master_cmd_begin(1552): i2c driver not installed[0m
[0;32mI (5181) main_task: Returned from app_main()[0m
[0;32mI (5541) wifi:<ba-add>idx:1 (ifx:0, 50:bd:5f:72:ff:36), tid:2, ssn:0, winSize:64[0m
[0;32mI (5951) esp-x509-crt-bundle: Certificate validated[0m
[0;32mI (71361) LANDSLIDE_RECEIVER: RECEIVED: 1:0%[0m
[0;32mI (71361) LANDSLIDE_RECEIVER: Packet ID: 1, Data: 0%[0m
[0;32mI (71361) LANDSLIDE_RECEIVER: Starting new packet sequence[0m
[0;32mI (71361) LANDSLIDE_RECEIVER: Rain packet received: 0%[0m
[0;32mI (71891) LANDSLIDE_RECEIVER: RECEIVED: 2:0%[0m
[0;32mI (71891) LANDSLIDE_RECEIVER: Packet ID: 2, Data: 0%[0m
[0;32mI (71891) LANDSLIDE_RECEIVER: Soil packet received: 0%[0m
[0;32mI (72601) LANDSLIDE_RECEIVER: RECEIVED: 3:24.7[0m
[0;32mI (72601) LANDSLIDE_RECEIVER: Packet ID: 3, Data: 24.7[0m
[0;32mI (72601) LANDSLIDE_RECEIVER: Tilt packet received: 24.7[0m
[0;32mI (73301) LANDSLIDE_RECEIVER: RECEIVED: 4:84.9%[0m
[0;32mI (73301) LANDSLIDE_RECEIVER: Packet ID: 4, Data: 84.9%[0m
[0;32mI (73301) LANDSLIDE_RECEIVER: GPIO26 packet received: 84.9%[0m
[0;32mI (73301) LANDSLIDE_RECEIVER: === ALL 4 PACKETS RECEIVED - UPDATING ===[0m
[0;32mI (73311) LANDSLIDE_RECEIVER: ALGORITHM: Rain=0.0%, Soil=0.0%, Tilt=24.7¬∞, Level=0-AN TOAN[0m
[0;32mI (73311) LANDSLIDE_RECEIVER: üîç ALARM DEBUG: Level=0, Active=NO, Acknowledged=NO[0m
[0;32mI (73321) LANDSLIDE_RECEIVER: üîÑ RESET ALARM STATE - Ready for next alert[0m
[0;32mI (73341) TELEGRAM: Alert sent: Level 0-AN TOAN, Alarm: OFF[0m
[0;32mI (74031) esp-x509-crt-bundle: Certificate validated[0m
[0;32mI (84241) LANDSLIDE_RECEIVER: RECEIVED: 1:0%[0m
[0;32mI (84241) LANDSLIDE_RECEIVER: Packet ID: 1, Data: 0%[0m
[0;32mI (84241) LANDSLIDE_RECEIVER: Starting new packet sequence[0m
[0;32mI (84241) LANDSLIDE_RECEIVER: Rain packet received: 0%[0m
[0;32mI (84941) LANDSLIDE_RECEIVER: RECEIVED: 2:0%[0m
[0;32mI (84941) LANDSLIDE_RECEIVER: Packet ID: 2, Data: 0%[0m
[0;32mI (84941) LANDSLIDE_RECEIVER: Soil packet received: 0%[0m
[0;32mI (85511) LANDSLIDE_RECEIVER: RECEIVED: 3:24.5[0m
[0;32mI (85511) LANDSLIDE_RECEIVER: Packet ID: 3, Data: 24.5[0m
[0;32mI (85511) LANDSLIDE_RECEIVER: Tilt packet received: 24.5[0m
[0;32mI (86221) LANDSLIDE_RECEIVER: RECEIVED: 4:85.0%[0m
[0;32mI (86221) LANDSLIDE_RECEIVER: Packet ID: 4, Data: 85.0%[0m
[0;32mI (86221) LANDSLIDE_RECEIVER: GPIO26 packet received: 85.0%[0m
[0;32mI (86221) LANDSLIDE_RECEIVER: === ALL 4 PACKETS RECEIVED - UPDATING ===[0m
[0;32mI (86231) LANDSLIDE_RECEIVER: ALGORITHM: Rain=0.0%, Soil=0.0%, Tilt=24.5¬∞, Level=0-AN TOAN[0m
[0;32mI (86231) LANDSLIDE_RECEIVER: üîç ALARM DEBUG: Level=0, Active=NO, Acknowledged=NO[0m
[0;32mI (86241) LANDSLIDE_RECEIVER: üîÑ RESET ALARM STATE - Ready for next alert[0m
[0;32mI (124951) LANDSLIDE_RECEIVER: RECEIVED: 1:0%[0m
[0;32mI (124951) LANDSLIDE_RECEIVER: Packet ID: 1, Data: 0%[0m
[0;32mI (124951) LANDSLIDE_RECEIVER: Starting new packet sequence[0m
[0;32mI (124961) LANDSLIDE_RECEIVER: Rain packet received: 0%[0m
[0;32mI (125661) LANDSLIDE_RECEIVER: RECEIVED: 2:0%[0m
[0;32mI (125661) LANDSLIDE_RECEIVER: Packet ID: 2, Data: 0%[0m
[0;32mI (125661) LANDSLIDE_RECEIVER: Soil packet received: 0%[0m
[0;32mI (126241) LANDSLIDE_RECEIVER: RECEIVED: 3:24.1[0m
[0;32mI (126241) LANDSLIDE_RECEIVER: Packet ID: 3, Data: 24.1[0m
[0;32mI (126241) LANDSLIDE_RECEIVER: Tilt packet received: 24.1[0m
[0;32mI (126941) LANDSLIDE_RECEIVER: RECEIVED: 4:82.6%[0m
[0;32mI (126941) LANDSLIDE_RECEIVER: Packet ID: 4, Data: 82.6%[0m
[0;32mI (126941) LANDSLIDE_RECEIVER: GPIO26 packet received: 82.6%[0m
[0;32mI (126941) LANDSLIDE_RECEIVER: === ALL 4 PACKETS RECEIVED - UPDATING ===[0m
[0;32mI (126951) LANDSLIDE_RECEIVER: ALGORITHM: Rain=0.0%, Soil=0.0%, Tilt=24.1¬∞, Level=0-AN TOAN[0m
[0;32mI (126951) LANDSLIDE_RECEIVER: üîç ALARM DEBUG: Level=0, Active=NO, Acknowledged=NO[0m
[0;32mI (126961) LANDSLIDE_RECEIVER: üîÑ RESET ALARM STATE - Ready for next alert[0m
[0;32mI (306171) LANDSLIDE_RECEIVER: RECEIVED: 1:0%[0m
[0;32mI (306171) LANDSLIDE_RECEIVER: Packet ID: 1, Data: 0%[0m
[0;32mI (306171) LANDSLIDE_RECEIVER: Starting new packet sequence[0m
[0;32mI (306171) LANDSLIDE_RECEIVER: Rain packet received: 0%[0m
[0;32mI (306731) LANDSLIDE_RECEIVER: RECEIVED: 2:0%[0m
[0;32mI (306731) LANDSLIDE_RECEIVER: Packet ID: 2, Data: 0%[0m
[0;32mI (306731) LANDSLIDE_RECEIVER: Soil packet received: 0%[0m
[0;32mI (307431) LANDSLIDE_RECEIVER: RECEIVED: 3:24.3[0m
[0;32mI (307431) LANDSLIDE_RECEIVER: Packet ID: 3, Data: 24.3[0m
[0;32mI (307431) LANDSLIDE_RECEIVER: Tilt packet received: 24.3[0m
[0;32mI (308131) LANDSLIDE_RECEIVER: RECEIVED: 4:84.2%[0m
[0;32mI (308131) LANDSLIDE_RECEIVER: Packet ID: 4, Data: 84.2%[0m
[0;32mI (308131) LANDSLIDE_RECEIVER: GPIO26 packet received: 84.2%[0m
[0;32mI (308131) LANDSLIDE_RECEIVER: === ALL 4 PACKETS RECEIVED - UPDATING ===[0m
[0;32mI (308141) LANDSLIDE_RECEIVER: ALGORITHM: Rain=0.0%, Soil=0.0%, Tilt=24.3¬∞, Level=0-AN TOAN[0m
[0;32mI (308141) LANDSLIDE_RECEIVER: üîç ALARM DEBUG: Level=0, Active=NO, Acknowledged=NO[0m
[0;32mI (308151) LANDSLIDE_RECEIVER: üîÑ RESET ALARM STATE - Ready for next alert[0m
[0;32mI (487121) LANDSLIDE_RECEIVER: RECEIVED: 1:0%[0m
[0;32mI (487121) LANDSLIDE_RECEIVER: Packet ID: 1, Data: 0%[0m
[0;32mI (487121) LANDSLIDE_RECEIVER: Starting new packet sequence[0m
[0;32mI (487121) LANDSLIDE_RECEIVER: Rain packet received: 0%[0m
[0;32mI (487831) LANDSLIDE_RECEIVER: RECEIVED: 2:0%[0m
[0;32mI (487831) LANDSLIDE_RECEIVER: Packet ID: 2, Data: 0%[0m
[0;32mI (487831) LANDSLIDE_RECEIVER: Soil packet received: 0%[0m
[0;32mI (488401) LANDSLIDE_RECEIVER: RECEIVED: 3:24.2[0m
[0;32mI (488401) LANDSLIDE_RECEIVER: Packet ID: 3, Data: 24.2[0m
[0;32mI (488401) LANDSLIDE_RECEIVER: Tilt packet received: 24.2[0m
[0;32mI (489111) LANDSLIDE_RECEIVER: RECEIVED: 4:84.1%[0m
[0;32mI (489111) LANDSLIDE_RECEIVER: Packet ID: 4, Data: 84.1%[0m
[0;32mI (489111) LANDSLIDE_RECEIVER: GPIO26 packet received: 84.1%[0m
[0;32mI (489111) LANDSLIDE_RECEIVER: === ALL 4 PACKETS RECEIVED - UPDATING ===[0m
[0;32mI (489121) LANDSLIDE_RECEIVER: ALGORITHM: Rain=0.0%, Soil=0.0%, Tilt=24.2¬∞, Level=0-AN TOAN[0m
[0;32mI (489121) LANDSLIDE_RECEIVER: üîç ALARM DEBUG: Level=0, Active=NO, Acknowledged=NO[0m
[0;32mI (489131) LANDSLIDE_RECEIVER: üîÑ RESET ALARM STATE - Ready for next alert[0m
[0;32mI (668451) LANDSLIDE_RECEIVER: RECEIVED: 1:0%[0m
[0;32mI (668451) LANDSLIDE_RECEIVER: Packet ID: 1, Data: 0%[0m
[0;32mI (668451) LANDSLIDE_RECEIVER: Starting new packet sequence[0m
[0;32mI (668451) LANDSLIDE_RECEIVER: Rain packet received: 0%[0m
[0;32mI (669161) LANDSLIDE_RECEIVER: RECEIVED: 2:0%[0m
[0;32mI (669161) LANDSLIDE_RECEIVER: Packet ID: 2, Data: 0%[0m
[0;32mI (669161) LANDSLIDE_RECEIVER: Soil packet received: 0%[0m
[0;32mI (669731) LANDSLIDE_RECEIVER: RECEIVED: 3:24.1[0m
[0;32mI (669731) LANDSLIDE_RECEIVER: Packet ID: 3, Data: 24.1[0m
[0;32mI (669731) LANDSLIDE_RECEIVER: Tilt packet received: 24.1[0m
[0;32mI (670441) LANDSLIDE_RECEIVER: RECEIVED: 4:83.9%[0m
[0;32mI (670441) LANDSLIDE_RECEIVER: Packet ID: 4, Data: 83.9%[0m
[0;32mI (670441) LANDSLIDE_RECEIVER: GPIO26 packet received: 83.9%[0m
[0;32mI (670441) LANDSLIDE_RECEIVER: === ALL 4 PACKETS RECEIVED - UPDATING ===[0m
[0;32mI (670451) LANDSLIDE_RECEIVER: ALGORITHM: Rain=0.0%, Soil=0.0%, Tilt=24.1¬∞, Level=0-AN TOAN[0m
[0;32mI (670451) LANDSLIDE_RECEIVER: üîç ALARM DEBUG: Level=0, Active=NO, Acknowledged=NO[0m
[0;32mI (670461) LANDSLIDE_RECEIVER: üîÑ RESET ALARM STATE - Ready for next alert[0m
[0;32mI (13) boot: ESP-IDF v5.5-dirty 2nd stage bootloader[0m
[0;32mI (13) boot: compile time Oct 26 2025 00:22:00[0m
[0;32mI (13) boot: Multicore bootloader[0m
[0;32mI (14) boot: chip revision: v3.0[0m
[0;32mI (17) boot.esp32: SPI Speed      : 40MHz[0m
[0;32mI (21) boot.esp32: SPI Mode       : DIO[0m
[0;32mI (24) boot.esp32: SPI Flash Size : 2MB[0m
[0;32mI (28) boot: Enabling RNG early entropy source...[0m
[0;32mI (32) boot: Partition Table:[0m
[0;32mI (35) boot: ## Label            Usage          Type ST Offset   Length[0m
[0;32mI (41) boot:  0 nvs              WiFi data        01 02 00009000 00006000[0m
[0;32mI (48) boot:  1 phy_init         RF data          01 01 0000f000 00001000[0m
[0;32mI (54) boot:  2 factory          factory app      00 00 00010000 00100000[0m
[0;32mI (61) boot: End of partition table[0m
[0;32mI (64) esp_image: segment 0: paddr=00010020 vaddr=3f400020 size=315d8h (202200) map[0m
[0;32mI (141) esp_image: segment 1: paddr=00041600 vaddr=3ff80000 size=00020h (    32) load[0m
[0;32mI (141) esp_image: segment 2: paddr=00041628 vaddr=3ffb0000 size=03f68h ( 16232) load[0m
[0;32mI (150) esp_image: segment 3: paddr=00045598 vaddr=40080000 size=0aa80h ( 43648) load[0m
[0;32mI (169) esp_image: segment 4: paddr=00050020 vaddr=400d0020 size=a7028h (684072) map[0m
[0;32mI (403) esp_image: segment 5: paddr=000f7050 vaddr=4008aa80 size=0e9f0h ( 59888) load[0m
[0;32mI (439) boot: Loaded app from partition at offset 0x10000[0m
[0;32mI (439) boot: Disabling RNG early entropy source...[0m
[0;32mI (449) cpu_start: Multicore app[0m
[0;32mI (458) cpu_start: Pro cpu start user code[0m
[0;32mI (458) cpu_start: cpu freq: 160000000 Hz[0m
[0;32mI (458) app_init: Application information:[0m
[0;32mI (458) app_init: Project name:     landslide_receiver[0m
[0;32mI (463) app_init: App version:      v5.5-dirty[0m
[0;32mI (467) app_init: Compile time:     Oct 26 2025 00:21:42[0m
[0;32mI (472) app_init: ELF file SHA256:  03ab0e562...[0m
[0;32mI (476) app_init: ESP-IDF:          v5.5-dirty[0m
[0;32mI (480) efuse_init: Min chip rev:     v0.0[0m
[0;32mI (484) efuse_init: Max chip rev:     v3.99 [0m
[0;32mI (488) efuse_init: Chip rev:         v3.0[0m
[0;32mI (492) heap_init: Initializing. RAM available for dynamic allocation:[0m
[0;32mI (498) heap_init: At 3FFAE6E0 len 00001920 (6 KiB): DRAM[0m
[0;32mI (503) heap_init: At 3FFB8828 len 000277D8 (157 KiB): DRAM[0m
[0;32mI (509) heap_init: At 3FFE0440 len 00003AE0 (14 KiB): D/IRAM[0m
[0;32mI (514) heap_init: At 3FFE4350 len 0001BCB0 (111 KiB): D/IRAM[0m
[0;32mI (520) heap_init: At 40099470 len 00006B90 (26 KiB): IRAM[0m
[0;32mI (526) spi_flash: detected chip: generic[0m
[0;32mI (528) spi_flash: flash io: dio[0m
[0;33mW (531) spi_flash: Detected size(4096k) larger than the size in the binary image header(2048k). Using the size in the binary image header.[0m
[0;33mW (544) i2c: This driver is an old driver, please migrate your application code to adapt `driver/i2c_master.h`[0m
[0;32mI (554) main_task: Started on CPU0[0m
[0;32mI (564) main_task: Calling app_main()[0m
[0;32mI (604) wifi:wifi driver task: 3ffc085c, prio:23, stack:6656, core=0[0m
[0;32mI (624) wifi:wifi firmware version: f3dbad7[0m
[0;32mI (624) wifi:wifi certification version: v7.0[0m
[0;32mI (624) wifi:config NVS flash: enabled[0m
[0;32mI (624) wifi:config nano formatting: di