Command: C:\PROJECT_ESP32\Espressif\python_env\idf5.5_py3.11_env\Scripts\python.exe C:\PROJECT_ESP32\Espressif\frameworks\esp-idf-v5.5\tools/idf_monitor.py -p com8 -b 115200 --toolchain-prefix xtensa-esp32-elf- --target esp32 --revision 0 C:\PROJECT_ESP32\Espressif\frameworks\esp-idf-v5.5\examples\get-started\landslide_warning\receiver\build\landslide_receiver.elf C:\PROJECT_ESP32\Espressif\frameworks\esp-idf-v5.5\examples\get-started\landslide_warning\receiver\build\bootloader\bootloader.elf --force-color -m 'C:\PROJECT_ESP32\Espressif\python_env\idf5.5_py3.11_env\Scripts\python.exe' 'C:\PROJECT_ESP32\Espressif\frameworks\esp-idf-v5.5\tools\idf.py' '-p' 'com8'
ï¿½ï¿½A%ï¿½Speed      : 40ï¿½ets Jul 29 2019 12:21:46

rst:0x1 (POWERON_RESET),boot:0x13 (SPI_FAST_FLASH_BOOT)
configsip: 0, SPIWP:0xee
clk_drv:0x00,q_drv:0x00,d_drv:0x00,cs0_drv:0x00,hd_drv:0x00,wp_drv:0x00
mode:DIO, clock div:2
load:0x3fff0030,len:6380
ho 0 tail 12 room 4
load:0x40078000,len:15916
load:0x40080400,len:3860
entry 0x40080638
[0;32mI (29) boot: ESP-IDF v5.5-dirty 2nd stage bootloader[0m
[0;32mI (29) boot: compile time Oct 26 2025 00:22:00[0m
[0;32mI (29) boot: Multicore bootloader[0m
[0;32mI (31) boot: chip revision: v3.0[0m
[0;32mI (34) boot.esp32: SPI Speed      : 40MHz[0m
[0;32mI (37) boot.esp32: SPI Mode       : DIO[0m
[0;32mI (41) boot.esp32: SPI Flash Size : 2MB[0m
[0;32mI (45) boot: Enabling RNG early entropy source...[0m
[0;32mI (49) boot: Partition Table:[0m
[0;32mI (52) boot: ## Label            Usage          Type ST Offset   Length[0m
[0;32mI (58) boot:  0 nvs              WiFi data        01 02 00009000 00006000[0m
[0;32mI (65) boot:  1 phy_init         RF data          01 01 0000f000 00001000[0m
[0;32mI (71) boot:  2 factory          factory app      00 00 00010000 00100000[0m
[0;32mI (78) boot: End of partition table[0m
[0;32mI (81) esp_image: segment 0: paddr=00010020 vaddr=3f400020 size=0be3ch ( 48700) map[0m
[0;32mI (105) esp_image: segment 1: paddr=0001be64 vaddr=3ff80000 size=00020h (    32) load[0m
[0;32mI (105) esp_image: segment 2: paddr=0001be8c vaddr=3ffb0000 size=02418h (  9240) load[0m
[0;32mI (112) esp_image: segment 3: paddr=0001e2ac vaddr=40080000 size=01d6ch (  7532) load[0m
[0;32mI (119) esp_image: segment 4: paddr=00020020 vaddr=400d0020 size=1b974h (113012) map[0m
[0;32mI (163) esp_image: segment 5: paddr=0003b99c vaddr=40081d6c size=0cb24h ( 52004) load[0m
[0;32mI (190) boot: Loaded app from partition at offset 0x10000[0m
[0;32mI (190) boot: Disabling RNG early entropy source...[0m
[0;32mI (201) cpu_start: Multicore app[0m
[0;32mI (209) cpu_start: Pro cpu start user code[0m
[0;32mI (209) cpu_start: cpu freq: 160000000 Hz[0m
[0;32mI (209) app_init: Application information:[0m
[0;32mI (209) app_init: Project name:     landslide_receiver[0m
[0;32mI (214) app_init: App version:      v5.5-dirty[0m
[0;32mI (218) app_init: Compile time:     Oct 26 2025 00:21:42[0m
[0;32mI (223) app_init: ELF file SHA256:  f382152d0...[0m
[0;32mI (228) app_init: ESP-IDF:          v5.5-dirty[0m
[0;32mI (232) efuse_init: Min chip rev:     v0.0[0m
[0;32mI (236) efuse_init: Max chip rev:     v3.99 [0m
[0;32mI (240) efuse_init: Chip rev:         v3.0[0m
[0;32mI (244) heap_init: Initializing. RAM available for dynamic allocation:[0m
[0;32mI (250) heap_init: At 3FFAE6E0 len 00001920 (6 KiB): DRAM[0m
[0;32mI (255) heap_init: At 3FFB2CF0 len 0002D310 (180 KiB): DRAM[0m
[0;32mI (260) heap_init: At 3FFE0440 len 00003AE0 (14 KiB): D/IRAM[0m
[0;32mI (265) heap_init: At 3FFE4350 len 0001BCB0 (111 KiB): D/IRAM[0m
[0;32mI (271) heap_init: At 4008E890 len 00011770 (69 KiB): IRAM[0m
[0;32mI (278) spi_flash: detected chip: generic[0m
[0;32mI (280) spi_flash: flash io: dio[0m
[0;33mW (283) spi_flash: Detected size(4096k) larger than the size in the binary image header(2048k). Using the size in the binary image header.[0m
[0;33mW (295) i2c: This driver is an old driver, please migrate your application code to adapt `driver/i2c_master.h`[0m
[0;32mI (305) main_task: Started on CPU0[0m
[0;32mI (315) main_task: Calling app_main()[0m
[0;32mI (315) LORA_RECEIVER: Initializing LoRa Receiver...[0m
[0;32mI (335) LORA_RECEIVER: LoRa Receiver ready![0m
[0;32mI (335) LORA_RECEIVER: LoRa Receiver started[0m
[0;32mI (335) LCD_I2C: I2C initialized successfully[0m
[0;32mI (385) LCD_I2C: LCD initialized successfully[0m
ets Jul 29 2019 12:21:46

rst:0x1 (POWERON_RESET),boot:0x13 (SPI_FAST_FLASH_BOOT)
configsip: 0, SPIWP:0xee
clk_drv:0x00,q_drv:0x00,d_drv:0x00,cs0_drv:0x00,hd_drv:0x00,wp_drv:0x00
mode:DIO, clock div:2
load:0x3fff0030,len:6380
ho 0 tail 12 room 4
load:0x40078000,len:15916
load:0x40080400,len:3860
entry 0x40080638
[0;32mI (29) boot: ESP-IDF v5.5-dirty 2nd stage bootloader[0m
[0;32mI (29) boot: compile time Oct 26 2025 00:22:00[0m
[0;32mI (29) boot: Multicore bootloader[0m
[0;32mI (31) boot: chip revision: v3.0[0m
[0;32mI (34) boot.esp32: SPI Speed      : 40MHz[0m
[0;32mI (37) boot.esp32: SPI Mode       : DIO[0m
[0;32mI (41) boot.esp32: SPI Flash Size : 2MB[0m
[0;32mI (45) boot: Enabling RNG early entropy source...[0m
[0;32mI (49) boot: Partition Table:[0m
[0;32mI (52) boot: ## Label            Usage          Type ST Offset   Length[0m
[0;32mI (58) boot:  0 nvs              WiFi data        01 02 00009000 00006000[0m
[0;32mI (65) boot:  1 phy_init         RF data          01 01 0000f000 00001000[0m
[0;32mI (71) boot:  2 factory          factory app      00 00 00010000 00100000[0m
[0;32mI (78) boot: End of partition table[0m
[0;32mI (81) esp_image: segment 0: paddr=00010020 vaddr=3f400020 size=0be3ch ( 48700) map[0m
[0;32mI (105) esp_image: segment 1: paddr=0001be64 vaddr=3ff80000 size=00020h (    32) load[0m
[0;32mI (105) esp_image: segment 2: paddr=0001be8c vaddr=3ffb0000 size=02418h (  9240) load[0m
[0;32mI (112) esp_image: segment 3: paddr=0001e2ac vaddr=40080000 size=01d6ch (  7532) load[0m
[0;32mI (119) esp_image: segment 4: paddr=00020020 vaddr=400d0020 size=1b974h (113012) map[0m
[0;32mI (163) esp_image: segment 5: paddr=0003b99c vaddr=40081d6c size=0cb24h ( 52004) load[0m
[0;32mI (190) boot: Loaded app from partition at offset 0x10000[0m
[0;32mI (190) boot: Disabling RNG early entropy source...[0m
[0;32mI (201) cpu_start: Multicore app[0m
[0;32mI (209) cpu_start: Pro cpu start user code[0m
[0;32mI (209) cpu_start: cpu freq: 160000000 Hz[0m
[0;32mI (209) app_init: Application information:[0m
[0;32mI (209) app_init: Project name:     landslide_receiver[0m
[0;32mI (214) app_init: App version:      v5.5-dirty[0m
[0;32mI (218) app_init: Compile time:     Oct 26 2025 00:21:42[0m
[0;32mI (223) app_init: ELF file SHA256:  f382152d0...[0m
[0;32mI (228) app_init: ESP-IDF:          v5.5-dirty[0m
[0;32mI (232) efuse_init: Min chip rev:     v0.0[0m
[0;32mI (236) efuse_init: Max chip rev:     v3.99 [0m
[0;32mI (240) efuse_init: Chip rev:         v3.0[0m
[0;32mI (244) heap_init: Initializing. RAM available for dynamic allocation:[0m
[0;32mI (250) heap_init: At 3FFAE6E0 len 00001920 (6 KiB): DRAM[0m
[0;32mI (255) heap_init: At 3FFB2CF0 len 0002D310 (180 KiB): DRAM[0m
[0;32mI (260) heap_init: At 3FFE0440 len 00003AE0 (14 KiB): D/IRAM[0m
[0;32mI (265) heap_init: At 3FFE4350 len 0001BCB0 (111 KiB): D/IRAM[0m
[0;32mI (271) heap_init: At 4008E890 len 00011770 (69 KiB): IRAM[0m
[0;32mI (278) spi_flash: detected chip: generic[0m
[0;32mI (280) spi_flash: flash io: dio[0m
[0;33mW (283) spi_flash: Detected size(4096k) larger than the size in the binary image header(2048k). Using the size in the binary image header.[0m
[0;33mW (295) i2c: This driver is an old driver, please migrate your application code to adapt `driver/i2c_master.h`[0m
[0;32mI (305) main_task: Started on CPU0[0m
[0;32mI (315) main_task: Calling app_main()[0m
[0;32mI (315) LORA_RECEIVER: Initializing LoRa Receiver...[0m
[0;32mI (335) LORA_RECEIVER: LoRa Receiver ready![0m
[0;32mI (335) LORA_RECEIVER: LoRa Receiver started[0m
[0;32mI (335) LCD_I2C: I2C initialized successfully[0m
[0;32mI (1815) LCD_I2C: LCD initialized successfully[0m
ets Jul 29 2019 12:21:46

rst:0x1 (POWERON_RESET),boot:0x13 (SPI_FAST_FLASH_BOOT)
configsip: 0, SPIWP:0xee
clk_drv:0x00,q_drv:0x00,d_drv:0x00,cs0_drv:0x00,hd_drv:0x00,wp_drv:0x00
mode:DIO, clock div:2
load:0x3fff0030,len:6380
ho 0 tail 12 room 4
load:0x40078000,len:15916
load:0x40080400,len:3860
entry 0x40080638
[0;32mI (29) boot: ESP-IDF v5.5-dirty 2nd stage bootloader[0m
[0;32mI (29) boot: compile time Oct 26 2025 00:22:00[0m
[0;32mI (29) boot: Multicore bootloader[0m
[0;32mI (31) boot: chip revision: v3.0[0m
[0;32mI (34) boot.esp32: SPI Speed      : 40MHz[0m
[0;32mI (37) boot.esp32: SPI Mode       : DIO[0m
[0;32mI (41) boot.esp32: SPI Flash Size : 2MB[0m
[0;32mI (45) boot: Enabling RNG early entropy source...[0m
[0;32mI (49) boot: Partition Table:[0m
[0;32mI (52) boot: ## Label            Usage          Type ST Offset   Length[0m
[0;32mI (58) boot:  0 nvs              WiFi data        01 02 00009000 00006000[0m
[0;32mI (65) boot:  1 phy_init         RF data          01 01 0000f000 00001000[0m
[0;32mI (71) boot:  2 factory          factory app      00 00 00010000 00100000[0m
[0;32mI (78) boot: End of partition table[0m
[0;32mI (81) esp_image: segment 0: paddr=00010020 vaddr=3f400020 size=0be3ch ( 48700) map[0m
[0;32mI (105) esp_image: segment 1: paddr=0001be64 vaddr=3ff80000 size=00020h (    32) load[0m
[0;32mI (105) esp_image: segment 2: paddr=0001be8c vaddr=3ffb0000 size=02418h (  9240) load[0m
[0;32mI (112) esp_image: segment 3: paddr=0001e2ac vaddr=40080000 size=01d6ch (  7532) load[0m
[0;32mI (119) esp_image: segment 4: paddr=00020020 vaddr=400d0020 size=1b974h (113012) map[0m
[0;32mI (163) esp_image: segment 5: paddr=0003b99c vaddr=40081d6c size=0cb24h ( 52004) load[0m
[0;32mI (190) boot: Loaded app from partition at offset 0x10000[0m
[0;32mI (190) boot: Disabling RNG early entropy source...[0m
[0;32mI (201) cpu_start: Multicore app[0m
[0;32mI (209) cpu_start: Pro cpu start user code[0m
[0;32mI (209) cpu_start: cpu freq: 160000000 Hz[0m
[0;32mI (209) app_init: Application information:[0m
[0;32mI (209) app_init: Project name:     landslide_receiver[0m
[0;32mI (214) app_init: App version:      v5.5-dirty[0m
[0;32mI (218) app_init: Compile time:     Oct 26 2025 00:21:42[0m
[0;32mI (223) app_init: ELF file SHA256:  f382152d0...[0m
[0;32mI (228) app_init: ESP-IDF:          v5.5-dirty[0m
[0;32mI (232) efuse_init: Min chip rev:     v0.0[0m
[0;32mI (236) efuse_init: Max chip rev:     v3.99 [0m
[0;32mI (240) efuse_init: Chip rev:         v3.0[0m
[0;32mI (244) heap_init: Initializing. RAM available for dynamic allocation:[0m
[0;32mI (250) heap_init: At 3FFAE6E0 len 00001920 (6 KiB): DRAM[0m
[0;32mI (255) heap_init: At 3FFB2CF0 len 0002D310 (180 KiB): DRAM[0m
[0;32mI (260) heap_init: At 3FFE0440 len 00003AE0 (14 KiB): D/IRAM[0m
[0;32mI (265) heap_init: At 3FFE4350 len 0001BCB0 (111 KiB): D/IRAM[0m
[0;32mI (271) heap_init: At 4008E890 len 00011770 (69 KiB): IRAM[0m
[0;32mI (278) spi_flash: detected chip: generic[0m
[0;32mI (280) spi_flash: flash io: dio[0m
[0;33mW (283) spi_flash: Detected size(4096k) larger than the size in the binary image header(2048k). Using the size in the binary image header.[0m
[0;33mW (295) i2c: This driver is an old driver, please migrate your application code to adapt `driver/i2c_master.h`[0m
[0;32mI (305) main_task: Started on CPU0[0m
[0;32mI (315) main_task: Calling app_main()[0m
[0;32mI (315) LORA_RECEIVER: Initializing LoRa Receiver...[0m
[0;32mI (335) LORA_RECEIVER: LoRa Receiver ready![0m
[0;32mI (335) LORA_RECEIVER: LoRa Receiver started[0m
[0;32mI (335) LCD_I2C: I2C initialized successfully[0m
[0;32mI (385) LCD_I2C: LCD initialized successfully[0m
