Command: C:\PROJECT_ESP32\Espressif\python_env\idf5.5_py3.11_env\Scripts\python.exe C:\PROJECT_ESP32\Espressif\frameworks\esp-idf-v5.5\tools/idf_monitor.py -p com9 -b 115200 --toolchain-prefix xtensa-esp32-elf- --target esp32 --revision 0 C:\PROJECT_ESP32\Espressif\frameworks\esp-idf-v5.5\examples\get-started\landslide_warning\receiver\build\landslide_receiver.elf C:\PROJECT_ESP32\Espressif\frameworks\esp-idf-v5.5\examples\get-started\landslide_warning\receiver\build\bootloader\bootloader.elf --force-color -m 'C:\PROJECT_ESP32\Espressif\python_env\idf5.5_py3.11_env\Scripts\python.exe' 'C:\PROJECT_ESP32\Espressif\frameworks\esp-idf-v5.5\tools\idf.py' '-p' 'com9'
ï¿½ï¿½ï¿½A%ï¿½Speed      : 4ï¿½ets Jul 29 2019 12:21:46

rst:0x1 (POWERON_RESET),boot:0x13 (SPI_FAST_FLASH_BOOT)
configsip: 0, SPIWP:0xee
clk_drv:0x00,q_drv:0x00,d_drv:0x00,cs0_drv:0x00,hd_drv:0x00,wp_drv:0x00
mode:DIO, clock div:2
load:0x3fff0030,len:6380
ho 0 tail 12 room 4
load:0x40078000,len:15916
load:0x40080400,len:3860
entry 0x40080638
[0;32mI (29) boot: ESP-IDF v5.5-dirty 2nd stage bootloader[0m
[0;32mI (29) boot: compile time Oct 26 2025 00:22:00[0m
[0;32mI (29) boot: Multicore bootloader[0m
[0;32mI (31) boot: chip revision: v3.0[0m
[0;32mI (34) boot.esp32: SPI Speed      : 40MHz[0m
[0;32mI (37) boot.esp32: SPI Mode       : DIO[0m
[0;32mI (41) boot.esp32: SPI Flash Size : 2MB[0m
[0;32mI (45) boot: Enabling RNG early entropy source...[0m
[0;32mI (49) boot: Partition Table:[0m
[0;32mI (52) boot: ## Label            Usage          Type ST Offset   Length[0m
[0;32mI (58) boot:  0 nvs              WiFi data        01 02 00009000 00006000[0m
[0;32mI (65) boot:  1 phy_init         RF data          01 01 0000f000 00001000[0m
[0;32mI (71) boot:  2 factory          factory app      00 00 00010000 00100000[0m
[0;32mI (78) boot: End of partition table[0m
[0;32mI (81) esp_image: segment 0: paddr=00010020 vaddr=3f400020 size=315b8h (202168) map[0m
[0;32mI (157) esp_image: segment 1: paddr=000415e0 vaddr=3ff80000 size=00020h (    32) load[0m
[0;32mI (158) esp_image: segment 2: paddr=00041608 vaddr=3ffb0000 size=03f68h ( 16232) load[0m
[0;32mI (167) esp_image: segment 3: paddr=00045578 vaddr=40080000 size=0aaa0h ( 43680) load[0m
[0;32mI (186) esp_image: segment 4: paddr=00050020 vaddr=400d0020 size=a72f8h (684792) map[0m
[0;32mI (420) esp_image: segment 5: paddr=000f7320 vaddr=4008aaa0 size=0e9f0h ( 59888) load[0m
[0;32mI (456) boot: Loaded app from partition at offset 0x10000[0m
[0;32mI (456) boot: Disabling RNG early entropy source...[0m
[0;32mI (466) cpu_start: Multicore app[0m
[0;32mI (475) cpu_start: Pro cpu start user code[0m
[0;32mI (475) cpu_start: cpu freq: 160000000 Hz[0m
[0;32mI (475) app_init: Application information:[0m
[0;32mI (475) app_init: Project name:     landslide_receiver[0m
[0;32mI (480) app_init: App version:      v5.5-dirty[0m
[0;32mI (484) app_init: Compile time:     Oct 26 2025 00:21:42[0m
[0;32mI (489) app_init: ELF file SHA256:  eb6f30e2f...[0m
[0;32mI (493) app_init: ESP-IDF:          v5.5-dirty[0m
[0;32mI (497) efuse_init: Min chip rev:     v0.0[0m
[0;32mI (501) efuse_init: Max chip rev:     v3.99 [0m
[0;32mI (505) efuse_init: Chip rev:         v3.0[0m
[0;32mI (509) heap_init: Initializing. RAM available for dynamic allocation:[0m
[0;32mI (516) heap_init: At 3FFAE6E0 len 00001920 (6 KiB): DRAM[0m
[0;32mI (521) heap_init: At 3FFB8830 len 000277D0 (157 KiB): DRAM[0m
[0;32mI (526) heap_init: At 3FFE0440 len 00003AE0 (14 KiB): D/IRAM[0m
[0;32mI (531) heap_init: At 3FFE4350 len 0001BCB0 (111 KiB): D/IRAM[0m
[0;32mI (537) heap_init: At 40099490 len 00006B70 (26 KiB): IRAM[0m
[0;32mI (543) spi_flash: detected chip: generic[0m
[0;32mI (546) spi_flash: flash io: dio[0m
[0;33mW (549) spi_flash: Detected size(4096k) larger than the size in the binary image header(2048k). Using the size in the binary image header.[0m
[0;33mW (561) i2c: This driver is an old driver, please migrate your application code to adapt `driver/i2c_master.h`[0m
[0;32mI (571) main_task: Started on CPU0[0m
[0;32mI (581) main_task: Calling app_main()[0m
[0;32mI (621) wifi:wifi driver task: 3ffc0864, prio:23, stack:6656, core=0[0m
[0;32mI (641) wifi:wifi firmware version: f3dbad7[0m
[0;32mI (641) wifi:wifi certification version: v7.0[0m
[0;32mI (641) wifi:config NVS flash: enabled[0m
[0;32mI (641) wifi:config nano formatting: disabled[0m
[0;32mI (641) wifi:Init data frame dynamic rx buffer num: 32[0m
[0;32mI (651) wifi:Init static rx mgmt buffer num: 5[0m
[0;32mI (651) wifi:Init management short buffer num: 32[0m
[0;32mI (651) wifi:Init dynamic tx buffer num: 32[0m
[0;32mI (661) wifi:Init static rx buffer size: 1600[0m
[0;32mI (661) wifi:Init static rx buffer num: 10[0m
[0;32mI (671) wifi:Init dynamic rx buffer num: 32[0m
[0;32mI (671) wifi_init: rx ba win: 6[0m
[0;32mI (671) wifi_init: accept mbox: 6[0m
[0;32mI (681) wifi_init: tcpip mbox: 32[0m
[0;32mI (681) wifi_init: udp mbox: 6[0m
[0;32mI (681) wifi_init: tcp mbox: 6[0m
[0;32mI (681) wifi_init: tcp tx win: 5760[0m
[0;32mI (691) wifi_init: tcp rx win: 5760[0m
[0;32mI (691) wifi_init: tcp mss: 1440[0m
[0;32mI (691) wifi_init: WiFi IRAM OP enabled[0m
[0;32mI (701) wifi_init: WiFi RX IRAM OP enabled[0m
[0;33mW (701) wifi:Password length matches WPA2 standards, authmode threshold changes from OPEN to WPA2[0m
[0;32mI (711) phy_init: phy_version 4860,6b7a6e5,Feb  6 2025,14:47:07[0m
[0;32mI (791) wifi:mode : sta (c4:de:e2:ca:bd:a0)[0m
[0;32mI (791) wifi:enable tsf[0m
[0;32mI (821) wifi:new:<6,2>, old:<1,0>, ap:<255,255>, sta:<6,2>, prof:1, snd_ch_cfg:0x0[0m
[0;32mI (821) wifi:state: init -> auth (0xb0)[0m
[1;31mE (821) gpio: gpio_pullup_en(78): GPIO number error (input-only pad has no internal PU)[0m
[0;32mI (831) LANDSLIDE_RECEIVER: ðŸ”§ TESTING RELAY HARDWARE...[0m
[0;32mI (831) LANDSLIDE_RECEIVER: ðŸ”Š Relay ON - CÃ²i should be ringing now![0m
[0;32mI (841) wifi:state: auth -> assoc (0x0)[0m
[0;32mI (861) wifi:state: assoc -> run (0x10)[0m
