Command: C:\PROJECT_ESP32\Espressif\python_env\idf5.5_py3.11_env\Scripts\python.exe C:\PROJECT_ESP32\Espressif\frameworks\esp-idf-v5.5\tools/idf_monitor.py -p com8 -b 115200 --toolchain-prefix xtensa-esp32-elf- --target esp32 --revision 0 C:\PROJECT_ESP32\Espressif\frameworks\esp-idf-v5.5\examples\get-started\landslide_warning\receiver\build\landslide_receiver.elf C:\PROJECT_ESP32\Espressif\frameworks\esp-idf-v5.5\examples\get-started\landslide_warning\receiver\build\bootloader\bootloader.elf --force-color -m 'C:\PROJECT_ESP32\Espressif\python_env\idf5.5_py3.11_env\Scripts\python.exe' 'C:\PROJECT_ESP32\Espressif\frameworks\esp-idf-v5.5\tools\idf.py' '-p' 'com8'
×’ï¿½ï¿½A%ï¿½Speed      :ï¿½ets Jul 29 2019 12:21:46

rst:0x1 (POWERON_RESET),boot:0x13 (SPI_FAST_FLASH_BOOT)
configsip: 0, SPIWP:0xee
clk_drv:0x00,q_drv:0x00,d_drv:0x00,cs0_drv:0x00,hd_drv:0x00,wp_drv:0x00
mode:DIO, clock div:2
load:0x3fff0030,len:6380
ho 0 tail 12 room 4
load:0x40078000,len:15916
load:0x40080400,len:3860
entry 0x40080638
[0;32mI (29) boot: ESP-IDF v5.5-dirty 2nd stage bootloader[0m
[0;32mI (29) boot: compile time Oct 26 2025 00:22:00[0m
[0;32mI (29) boot: Multicore bootloader[0m
[0;32mI (31) boot: chip revision: v3.0[0m
[0;32mI (34) boot.esp32: SPI Speed      : 40MHz[0m
[0;32mI (37) boot.esp32: SPI Mode       : DIO[0m
[0;32mI (41) boot.esp32: SPI Flash Size : 2MB[0m
[0;32mI (45) boot: Enabling RNG early entropy source...[0m
[0;32mI (49) boot: Partition Table:[0m
[0;32mI (52) boot: ## Label            Usage          Type ST Offset   Length[0m
[0;32mI (58) boot:  0 nvs              WiFi data        01 02 00009000 00006000[0m
[0;32mI (65) boot:  1 phy_init         RF data          01 01 0000f000 00001000[0m
[0;32mI (71) boot:  2 factory          factory app      00 00 00010000 00100000[0m
[0;32mI (78) boot: End of partition table[0m
[0;32mI (81) esp_image: segment 0: paddr=00010020 vaddr=3f400020 size=31114h (200980) map[0m
[0;32mI (157) esp_image: segment 1: paddr=0004113c vaddr=3ff80000 size=00020h (    32) load[0m
[0;32mI (157) esp_image: segment 2: paddr=00041164 vaddr=3ffb0000 size=03f58h ( 16216) load[0m
[0;32mI (167) esp_image: segment 3: paddr=000450c4 vaddr=40080000 size=0af54h ( 44884) load[0m
[0;32mI (186) esp_image: segment 4: paddr=00050020 vaddr=400d0020 size=a4ec8h (675528) map[0m
[0;32mI (417) esp_image: segment 5: paddr=000f4ef0 vaddr=4008af54 size=0e51ch ( 58652) load[0m
[0;32mI (452) boot: Loaded app from partition at offset 0x10000[0m
[0;32mI (452) boot: Disabling RNG early entropy source...[0m
[0;32mI (463) cpu_start: Multicore app[0m
[0;32mI (471) cpu_start: Pro cpu start user code[0m
[0;32mI (471) cpu_start: cpu freq: 160000000 Hz[0m
[0;32mI (471) app_init: Application information:[0m
[0;32mI (471) app_init: Project name:     landslide_receiver[0m
[0;32mI (476) app_init: App version:      v5.5-dirty[0m
[0;32mI (480) app_init: Compile time:     Oct 26 2025 00:21:42[0m
[0;32mI (485) app_init: ELF file SHA256:  925596a84...[0m
[0;32mI (490) app_init: ESP-IDF:          v5.5-dirty[0m
[0;32mI (494) efuse_init: Min chip rev:     v0.0[0m
[0;32mI (498) efuse_init: Max chip rev:     v3.99 [0m
[0;32mI (502) efuse_init: Chip rev:         v3.0[0m
[0;32mI (506) heap_init: Initializing. RAM available for dynamic allocation:[0m
[0;32mI (512) heap_init: At 3FFAE6E0 len 00001920 (6 KiB): DRAM[0m
[0;32mI (517) heap_init: At 3FFB8758 len 000278A8 (158 KiB): DRAM[0m
[0;32mI (522) heap_init: At 3FFE0440 len 00003AE0 (14 KiB): D/IRAM[0m
[0;32mI (528) heap_init: At 3FFE4350 len 0001BCB0 (111 KiB): D/IRAM[0m
[0;32mI (533) heap_init: At 40099470 len 00006B90 (26 KiB): IRAM[0m
[0;32mI (540) spi_flash: detected chip: generic[0m
[0;32mI (542) spi_flash: flash io: dio[0m
[0;33mW (545) spi_flash: Detected size(4096k) larger than the size in the binary image header(2048k). Using the size in the binary image header.[0m
[0;33mW (557) i2c: This driver is an old driver, please migrate your application code to adapt `driver/i2c_master.h`[0m
[0;32mI (568) main_task: Started on CPU0[0m
[0;32mI (578) main_task: Calling app_main()[0m
[0;32mI (618) wifi:wifi driver task: 3ffc0810, prio:23, stack:6656, core=0[0m
[0;32mI (638) wifi:wifi firmware version: f3dbad7[0m
[0;32mI (638) wifi:wifi certification version: v7.0[0m
[0;32mI (638) wifi:config NVS flash: enabled[0m
[0;32mI (638) wifi:config nano formatting: disabled[0m
[0;32mI (638) wifi:Init data frame dynamic rx buffer num: 32[0m
[0;32mI (648) wifi:Init static rx mgmt buffer num: 5[0m
[0;32mI (648) wifi:Init management short buffer num: 32[0m
[0;32mI (648) wifi:Init dynamic tx buffer num: 32[0m
[0;32mI (658) wifi:Init static rx buffer size: 1600[0m
[0;32mI (658) wifi:Init static rx buffer num: 10[0m
[0;32mI (668) wifi:Init dynamic rx buffer num: 32[0m
[0;32mI (668) wifi_init: rx ba win: 6[0m
[0;32mI (668) wifi_init: accept mbox: 6[0m
[0;32mI (678) wifi_init: tcpip mbox: 32[0m
[0;32mI (678) wifi_init: udp mbox: 6[0m
[0;32mI (678) wifi_init: tcp mbox: 6[0m
[0;32mI (678) wifi_init: tcp tx win: 5760[0m
[0;32mI (688) wifi_init: tcp rx win: 5760[0m
[0;32mI (688) wifi_init: tcp mss: 1440[0m
[0;32mI (688) wifi_init: WiFi IRAM OP enabled[0m
[0;32mI (698) wifi_init: WiFi RX IRAM OP enabled[0m
[0;33mW (698) wifi:Password length matches WPA2 standards, authmode threshold changes from OPEN to WPA2[0m
[0;32mI (708) phy_init: phy_version 4860,6b7a6e5,Feb  6 2025,14:47:07[0m
[0;32mI (788) phy_init: Saving new calibration data due to checksum failure or outdated calibration data, mode(0)[0m
[0;32mI (808) wifi:mode : sta (c4:de:e2:ca:bd:a0)[0m
[0;32mI (808) wifi:enable tsf[0m
[0;32mI (818) TELEGRAM: Wi-Fi STA connecting to SSID:nhÃ  Ä‘áº§m tráº¥u[0m
[0;32mI (828) wifi:new:<6,2>, old:<1,0>, ap:<255,255>, sta:<6,2>, prof:1, snd_ch_cfg:0x0[0m
[0;32mI (838) wifi:state: init -> auth (0xb0)[0m
[1;31mE (838) i2c: i2c_master_cmd_begin(1552): i2c driver not installed[0m
[0;32mI (838) wifi:state: auth -> assoc (0x0)[0m
[0;32mI (848) LCD_I2C: I2C initialized successfully[0m
[0;32mI (848) wifi:state: assoc -> run (0x10)[0m
[0;32mI (898) LCD_I2C: LCD initialized successfully[0m
[0;32mI (938) LANDSLIDE_RECEIVER: LoRa Receiver started[0m
[0;32mI (938) main_task: Returned from app_main()[0m
[0;32mI (1228) wifi:connected with nhÃ  Ä‘áº§m tráº¥u, aid = 10, channel 6, 40D, bssid = 50:bd:5f:72:ff:36[0m
[0;32mI (1228) wifi:security: WPA2-PSK, phy: bgn, rssi: -68[0m
[0;32mI (1228) wifi:pm start, type: 1[0m

[0;32mI (1228) wifi:dp: 1, bi: 102400, li: 3, scale listen interval from 307200 us to 307200 us[0m
[0;32mI (1258) wifi:<ba-add>idx:0 (ifx:0, 50:bd:5f:72:ff:36), tid:0, ssn:2, winSize:64[0m
[0;32mI (1318) wifi:AP's beacon interval = 102400 us, DTIM period = 1[0m
[0;32mI (3148) esp_netif_handlers: sta ip: 192.168.71.104, mask: 255.255.255.0, gw: 192.168.71.1[0m
[0;32mI (3938) TELEGRAM: Startup message sent![0m
[0;32mI (4188) wifi:<ba-add>idx:1 (ifx:0, 50:bd:5f:72:ff:36), tid:2, ssn:0, winSize:64[0m
[0;32mI (4598) esp-x509-crt-bundle: Certificate validated[0m
[0;32mI (6138) TELEGRAM: Telegram alert sent successfully, HTTP status: 200[0m
[0;32mI (163148) LANDSLIDE_RECEIVER: RECEIVED: R:0.0 S:0.1 T:38.8[0m
[0;32mI (164328) LANDSLIDE_RECEIVER: RECEIVED: Level:0-AN TOAN[0m
[0;32mI (164328) TELEGRAM: Synchronized report sent - data from transmitter![0m
[0;32mI (165058) esp-x509-crt-bundle: Certificate validated[0m
[0;32mI (166598) TELEGRAM: Telegram alert sent successfully, HTTP status: 200[0m
[0;32mI (343828) LANDSLIDE_RECEIVER: RECEIVED: R:0.0 S:0.1 T:39.0[0m
[0;32mI (345008) LANDSLIDE_RECEIVER: RECEIVED: Level:0-AN TOAN[0m
[0;32mI (345008) TELEGRAM: Synchronized report sent - data from transmitter![0m
[0;32mI (345698) esp-x509-crt-bundle: Certificate validated[0m
[0;32mI (347228) TELEGRAM: Telegram alert sent successfully, HTTP status: 200[0m
[0;32mI (524138) LANDSLIDE_RECEIVER: RECEIVED: R:0.0 S:0.1 T:38.8[0m
[0;32mI (525318) LANDSLIDE_RECEIVER: RECEIVED: Level:0-AN TOAN[0m
[0;32mI (525318) TELEGRAM: Synchronized report sent - data from transmitter![0m
[0;32mI (526018) esp-x509-crt-bundle: Certificate validated[0m
[0;32mI (527558) TELEGRAM: Telegram alert sent successfully, HTTP status: 200[0m
[0;32mI (704628) LANDSLIDE_RECEIVER: RECEIVED: R:0.0 S:0.1 T:39.4[0m
[0;32mI (705758) LANDSLIDE_RECEIVER: RECEIVED: Level:0-AN TOAN[0m
[0;32mI (705758) TELEGRAM: Synchronized report sent - data from transmitter![0m
[0;32mI (706748) esp-x509-crt-bundle: Certificate validated[0m
[0;32mI (708298) TELEGRAM: Telegram alert sent successfully, HTTP status: 200[0m
[0;32mI (885258) LANDSLIDE_RECEIVER: RECEIVED: R:0.0 S:0.1 T:39.4[0m
[0;32mI (886438) LANDSLIDE_RECEIVER: RECEIVED: Level:0-AN TOAN[0m
[0;32mI (886438) TELEGRAM: Synchronized report sent - data from transmitter![0m
[0;32mI (889028) esp-x509-crt-bundle: Certificate validated[0m
[0;32mI (890558) TELEGRAM: Telegram alert sent successfully, HTTP status: 200[0m
[0;32mI (1066138) LANDSLIDE_RECEIVER: RECEIVED: R:0.0 S:0.1 T:39.6[0m
[0;32mI (1067238) LANDSLIDE_RECEIVER: RECEIVED: Level:0-AN TOAN[0m
[0;32mI (1067238) TELEGRAM: Synchronized report sent - data from transmitter![0m
[0;32mI (1068018) esp-x509-crt-bundle: Certificate validated[0m
[0;32mI (1069658) TELEGRAM: Telegram alert sent successfully, HTTP status: 200[0m
[0;32mI (1246738) LANDSLIDE_RECEIVER: RECEIVED: R:0.0 S:0.1 T:39.4[0m
[0;32mI (1247878) LANDSLIDE_RECEIVER: RECEIVED: Level:0-AN TOAN[0m
[0;32mI (1247878) TELEGRAM: Synchronized report sent - data from transmitter![0m
[0;32mI (1248958) esp-x509-crt-bundle: Certificate validated[0m
[0;32mI (1250498) TELEGRAM: Telegram alert sent successfully, HTTP status: 200[0m
[0;32mI (1427268) LANDSLIDE_RECEIVER: RECEIVED: R:0.0 S:0.1 T:39.5[0m
[0;32mI (1428448) LANDSLIDE_RECEIVER: RECEIVED: Level:0-AN TOAN[0m
[0;32mI (1428448) TELEGRAM: Synchronized report sent - data from transmitter![0m
[0;32mI (1429188) esp-x509-crt-bundle: Certificate validated[0m
[0;32mI (1430718) TELEGRAM: Telegram alert sent successfully, HTTP status: 200[0m
