Command: C:\PROJECT_ESP32\Espressif\python_env\idf5.5_py3.11_env\Scripts\python.exe C:\PROJECT_ESP32\Espressif\frameworks\esp-idf-v5.5\tools/idf_monitor.py -p com8 -b 115200 --toolchain-prefix xtensa-esp32-elf- --target esp32 --revision 0 C:\PROJECT_ESP32\Espressif\frameworks\esp-idf-v5.5\examples\get-started\landslide_warning\receiver\build\landslide_receiver.elf C:\PROJECT_ESP32\Espressif\frameworks\esp-idf-v5.5\examples\get-started\landslide_warning\receiver\build\bootloader\bootloader.elf --force-color -m 'C:\PROJECT_ESP32\Espressif\python_env\idf5.5_py3.11_env\Scripts\python.exe' 'C:\PROJECT_ESP32\Espressif\frameworks\esp-idf-v5.5\tools\idf.py' '-p' 'com8'
ï¿½ï¿½.0
[0;32mI (34) boot.esp32: Sï¿½ets Jul 29 2019 12:21:46[0m

rst:0x1 (POWERON_RESET),boot:0x13 (SPI_FAST_FLASH_BOOT)
configsip: 0, SPIWP:0xee
clk_drv:0x00,q_drv:0x00,d_drv:0x00,cs0_drv:0x00,hd_drv:0x00,wp_drv:0x00
mode:DIO, clock div:2
load:0x3fff0030,len:6380
ho 0 tail 12 room 4
load:0x40078000,len:15916
load:0x40080400,len:3860
entry 0x40080638
[0;32mI (29) boot: ESP-IDF v5.5-dirty 2nd stage bootloader[0m
[0;32mI (29) boot: compile time Oct 26 2025 00:22:00[0m
[0;32mI (29) boot: Multicore bootloader[0m
[0;32mI (31) boot: chip revision: v3.0[0m
[0;32mI (34) boot.esp32: SPI Speed      : 40MHz[0m
[0;32mI (37) boot.esp32: SPI Mode       : DIO[0m
[0;32mI (41) boot.esp32: SPI Flash Size : 2MB[0m
[0;32mI (45) boot: Enabling RNG early entropy source...[0m
[0;32mI (49) boot: Partition Table:[0m
[0;32mI (52) boot: ## Label            Usage          Type ST Offset   Length[0m
[0;32mI (58) boot:  0 nvs              WiFi data        01 02 00009000 00006000[0m
[0;32mI (65) boot:  1 phy_init         RF data          01 01 0000f000 00001000[0m
[0;32mI (71) boot:  2 factory          factory app      00 00 00010000 00100000[0m
[0;32mI (78) boot: End of partition table[0m
[0;32mI (81) esp_image: segment 0: paddr=00010020 vaddr=3f400020 size=0b2f8h ( 45816) map[0m
[0;32mI (104) esp_image: segment 1: paddr=0001b320 vaddr=3ff80000 size=00020h (    32) load[0m
[0;32mI (104) esp_image: segment 2: paddr=0001b348 vaddr=3ffb0000 size=023e8h (  9192) load[0m
[0;32mI (111) esp_image: segment 3: paddr=0001d738 vaddr=40080000 size=028e0h ( 10464) load[0m
[0;32mI (120) esp_image: segment 4: paddr=00020020 vaddr=400d0020 size=16be0h ( 93152) map[0m
[0;32mI (155) esp_image: segment 5: paddr=00036c08 vaddr=400828e0 size=0b770h ( 46960) load[0m
[0;32mI (180) boot: Loaded app from partition at offset 0x10000[0m
[0;32mI (180) boot: Disabling RNG early entropy source...[0m
[0;32mI (191) cpu_start: Multicore app[0m
[0;32mI (199) cpu_start: Pro cpu start user code[0m
[0;32mI (199) cpu_start: cpu freq: 160000000 Hz[0m
[0;32mI (199) app_init: Application information:[0m
[0;32mI (199) app_init: Project name:     landslide_receiver[0m
[0;32mI (204) app_init: App version:      v5.5-dirty[0m
[0;32mI (208) app_init: Compile time:     Oct 26 2025 00:21:42[0m
[0;32mI (213) app_init: ELF file SHA256:  f1e2b0827...[0m
[0;32mI (218) app_init: ESP-IDF:          v5.5-dirty[0m
[0;32mI (222) efuse_init: Min chip rev:     v0.0[0m
[0;32mI (226) efuse_init: Max chip rev:     v3.99 [0m
[0;32mI (230) efuse_init: Chip rev:         v3.0[0m
[0;32mI (234) heap_init: Initializing. RAM available for dynamic allocation:[0m
[0;32mI (240) heap_init: At 3FFAE6E0 len 00001920 (6 KiB): DRAM[0m
[0;32mI (245) heap_init: At 3FFB2CB8 len 0002D348 (180 KiB): DRAM[0m
[0;32mI (250) heap_init: At 3FFE0440 len 00003AE0 (14 KiB): D/IRAM[0m
[0;32mI (255) heap_init: At 3FFE4350 len 0001BCB0 (111 KiB): D/IRAM[0m
[0;32mI (261) heap_init: At 4008E050 len 00011FB0 (71 KiB): IRAM[0m
[0;32mI (268) spi_flash: detected chip: generic[0m
[0;32mI (270) spi_flash: flash io: dio[0m
[0;33mW (273) spi_flash: Detected size(4096k) larger than the size in the binary image header(2048k). Using the size in the binary image header.[0m
[0;32mI (286) main_task: Started on CPU0[0m
[0;32mI (296) main_task: Calling app_main()[0m
[0;32mI (296) LORA_RECEIVER: ESP32 LoRa Receiver Starting...[0m
[0;32mI (296) LORA_RECEIVER: GPIO initialized: M0=4, M1=5, AUX=15[0m
[0;32mI (296) LORA_RECEIVER: UART initialized: Baud=9600, TX=17, RX=16[0m
[0;32mI (406) LORA_RECEIVER: LoRa set to Normal mode[0m
[0;32mI (406) LORA_RECEIVER: LoRa Receiver ready![0m
[0;32mI (406) LORA_RECEIVER: Listening for data...[0m
[0;32mI (406) main_task: Returned from app_main()[0m
ï¿½ï¿½.0
[0;32mI (34) boot.esp32: SPI Speed      : 40MHz[0m
[0;32mI (37) boot.esp32: SPI Mode       : DIO[0m
[0;32mI (41) boot.esp32: SPI Flash Size : 2MB[0m
[0;32mI (45) boot: Enabling RNG early entropy source...[0m
[0;32mI (49) boot: Partition Table:[0m
[0;32mI (52) boot: ## Label            Usage          Type ST Offset   Length[0m
[0;32mI (58) boot:  0 nvs              WiFi data        01 02 00009000 00006000[0m
[0;32mI (65) boot:  1 phy_init         RF data          01 01 0000f000 00001000[0m
[0;32mI (71) boot:  2 factory          factory app      00 00 00010000 00100000[0m
[0;32mI (78) boot: End of partition table[0m
[0;32mI (81) esp_image: segment 0: paddr=00010020 vaddr=3f400020 size=0b2f8h ( 45816) map[0m
[0;32mI (104) esp_image: segment 1: paddr=0001b320 vaddr=3ff80000 size=00020h (    32) load[0m
[0;32mI (104) esp_image: segment 2: paddr=0001b348 vaddr=3ffb0000 size=023e8h (  9192) load[0m
[0;32mI (111) esp_image: segment 3: paddr=0001d738 vaddr=40080000 size=028e0h ( 10464) load[0m
[0;32mI (120) esp_image: segment 4: paddr=00020020 vaddr=400d0020 size=16be0h ( 93152) map[0m
[0;32mI (155) esp_image: segment 5: paddr=00036c08 vaddr=400828e0 size=0b770h ( 46960) load[0m
[0;32mI (180) boot: Loaded app from partition at offset 0x10000[0m
[0;32mI (180) boot: Disabling RNG early entropy source...[0m
[0;32mI (191) cpu_start: Multicore app[0m
[0;32mI (199) cpu_start: Pro cpu start user code[0m
[0;32mI (199) cpu_start: cpu freq: 160000000 Hz[0m
[0;32mI (199) app_init: Application information:[0m
[0;32mI (199) app_init: Project name:     landslide_receiver[0m
[0;32mI (204) app_init: App version:      v5.5-dirty[0m
[0;32mI (208) app_init: Compile time:     Oct 26 2025 00:21:42[0m
[0;32mI (213) app_init: ELF file SHA256:  f1e2b0827...[0m
[0;32mI (218) app_init: ESP-IDF:          v5.5-dirty[0m
[0;32mI (222) efuse_init: Min chip rev:     v0.0[0m
[0;32mI (226) efuse_init: Max chip rev:     v3.99 [0m
[0;32mI (230) efuse_init: Chip rev:         v3.0[0m
[0;32mI (234) heap_init: Initializing. RAM available for dynamic allocation:[0m
[0;32mI (240) heap_init: At 3FFAE6E0 len 00001920 (6 KiB): DRAM[0m
[0;32mI (245) heap_init: At 3FFB2CB8 len 0002D348 (180 KiB): DRAM[0m
[0;32mI (250) heap_init: At 3FFE0440 len 00003AE0 (14 KiB): D/IRAM[0m
[0;32mI (255) heap_init: At 3FFE4350 len 0001BCB0 (111 KiB): D/IRAM[0m
[0;32mI (261) heap_init: At 4008E050 len 00011FB0 (71 KiB): IRAM[0m
[0;32mI (268) spi_flash: detected chip: generic[0m
[0;32mI (270) spi_flash: flash io: dio[0m
[0;33mW (273) spi_flash: Detected size(4096k) larger than the size in the binary image header(2048k). Using the size in the binary image header.[0m
[0;32mI (286) main_task: Started on CPU0[0m
[0;32mI (296) main_task: Calling app_main()[0m
[0;32mI (296) LORA_RECEIVER: ESP32 LoRa Receiver Starting...[0m
[0;32mI (296) LORA_RECEIVER: GPIO initialized: M0=4, M1=5, AUX=15[0m
[0;32mI (296) LORA_RECEIVER: UART initialized: Baud=9600, TX=17, RX=16[0m
[0;32mI (406) LORA_RECEIVER: LoRa set to Normal mode[0m
[0;32mI (406) LORA_RECEIVER: LoRa Receiver ready![0m
[0;32mI (406) LORA_RECEIVER: Listening for data...[0m
[0;32mI (406) main_task: Returned from app_main()[0m
[0;32mI (66866) LORA_RECEIVER: Data: Rain:0.0% Moisture:0.1% Tilt:58.3 deg[0m
[0;32mI (66866) LORA_RECEIVER: Length: 37 bytes[0m
[0;32mI (66866) LORA_RECEIVER: Time: 66580 ms[0m
[0;32mI (71966) LORA_RECEIVER: Data: Rain:0.0% Moisture:0.1% Tilt:58.7 deg[0m
[0;32mI (71966) LORA_RECEIVER: Length: 37 bytes[0m
[0;32mI (71966) LORA_RECEIVER: Time: 71680 ms[0m
[0;32mI (76946) LORA_RECEIVER: Data: Rain:0.0% Moisture:0.1% Tilt:57.9 deg[0m
[0;32mI (76946) LORA_RECEIVER: Length: 37 bytes[0m
[0;32mI (76946) LORA_RECEIVER: Time: 76660 ms[0m
[0;32mI (82046) LORA_RECEIVER: Data: Rain:0.0% Moisture:0.1% Tilt:57.9 deg[0m
[0;32mI (82046) LORA_RECEIVER: Length: 37 bytes[0m
[0;32mI (82046) LORA_RECEIVER: Time: 81760 ms[0m
[0;32mI (87026) LORA_RECEIVER: Data: Rain:0.0% Moisture:0.1% Tilt:57.4 deg[0m
[0;32mI (87026) LORA_RECEIVER: Length: 37 bytes[0m
[0;32mI (87026) LORA_RECEIVER: Time: 86740 ms[0m
